import org.junit.FixMethodOrder;
import org.junit.Test;
import org.junit.runners.MethodSorters;

@FixMethodOrder(MethodSorters.NAME_ASCENDING)
public class TestInputWithMultiplePassingAssertionsMinimized {

    // This test input file has a passing assertion value. The minimized test suite
    // will use the value found in the assertion as a part of a replacement statement.
    @Test
    public void test1() throws Throwable {
        int i = 0;
        // Failing assertion.
        org.junit.Assert.assertTrue(i == 8);
    }
}
