import java.util.*;
import org.junit.FixMethodOrder;
import org.junit.Test;
import org.junit.runners.MethodSorters;

@FixMethodOrder(MethodSorters.NAME_ASCENDING)
public class TestInputWithWildcardImportMinimized {

    @Test
    public void test1() throws Throwable {
        List<java.lang.Integer> list = new ArrayList<java.lang.Integer>();
        list.add(1);
        list.add(2);
        list.add(3);
        // False, should be 3.
        org.junit.Assert.assertTrue(list.size() == 2);
    }
}
